./tests/binfoo -> bin/foo
  ./tests/bin -> bin-version
    ./tests/bin-version/foo: regular file
