./tests/good -> file
  ./tests/file: regular file
