./tests/loop1 -> loop2
  ./tests/loop2 -> loop3
    ./tests/loop3 -> loop1
