./tests/loop2 -> loop3
  ./tests/loop3 -> loop1
    ./tests/loop1 -> loop2
