./tests/passwd -> /etc/passwd
  /etc/passwd: regular file
