./tests/symlink_to_dir_slash -> dir/
  ./tests/dir/: directory
