./tests/symlink_to_dir_dot -> dir/.
  ./tests/dir/.: directory
