./tests/symlink_to_dir -> dir
  ./tests/dir: directory
