./tests/trailing_slash_path -> ../tests/file/trailing/path
  ./tests/../tests/file: regular file
